// Vitest Snapshot v1, https://vitest.dev/guide/snapshot.html

exports[`git > 42 > branch 1`] = `"driver-transmit"`;

exports[`git > 42 > commitDate > with only Date refDate 1`] = `"Tue Dec 31 08:59:19 2019 +1100"`;

exports[`git > 42 > commitDate > with only number refDate 1`] = `"Tue Dec 31 08:59:19 2019 +1100"`;

exports[`git > 42 > commitDate > with only string refDate 1`] = `"Tue Dec 31 08:59:19 2019 +1100"`;

exports[`git > 42 > commitEntry > with only Date refDate 1`] = `
"commit ead331ddf0fc4446b96d368ab4bd1d31efb62f92
Author: Suzanne.Hahn <Suzanne_Hahn92@hotmail.com>
Date: Tue Dec 31 04:42:12 2019 -1000

    copy haptic card
"
`;

exports[`git > 42 > commitEntry > with only number refDate 1`] = `
"commit ead331ddf0fc4446b96d368ab4bd1d31efb62f92
Author: Suzanne.Hahn <Suzanne_Hahn92@hotmail.com>
Date: Tue Dec 31 04:42:12 2019 -1000

    copy haptic card
"
`;

exports[`git > 42 > commitEntry > with only string refDate 1`] = `
"commit ead331ddf0fc4446b96d368ab4bd1d31efb62f92
Author: Suzanne.Hahn <Suzanne_Hahn92@hotmail.com>
Date: Tue Dec 31 04:42:12 2019 -1000

    copy haptic card
"
`;

exports[`git > 42 > commitMessage 1`] = `"generate wireless pixel"`;

exports[`git > 42 > commitSha > noArgs 1`] = `"8ead331ddf0fc4446b96d368ab4bd1d31efb62f9"`;

exports[`git > 42 > commitSha > with length 7 1`] = `"8ead331"`;

exports[`git > 42 > commitSha > with length 8 1`] = `"8ead331d"`;

exports[`git > 1211 > branch 1`] = `"system-synthesize"`;

exports[`git > 1211 > commitDate > with only Date refDate 1`] = `"Tue Dec 31 22:17:03 2019 +1000"`;

exports[`git > 1211 > commitDate > with only number refDate 1`] = `"Tue Dec 31 22:17:03 2019 +1000"`;

exports[`git > 1211 > commitDate > with only string refDate 1`] = `"Tue Dec 31 22:17:03 2019 +1000"`;

exports[`git > 1211 > commitEntry > with only Date refDate 1`] = `
"commit d4fefa7fbaec9dc4c48fa8ebf46fb7c8563cf3fa
Author: Dawn.Kshlerin70 <Dawn.Kshlerin@yahoo.com>
Date: Tue Dec 31 20:55:12 2019 -0900

    reboot multi-byte feed
"
`;

exports[`git > 1211 > commitEntry > with only number refDate 1`] = `
"commit d4fefa7fbaec9dc4c48fa8ebf46fb7c8563cf3fa
Author: Dawn.Kshlerin70 <Dawn.Kshlerin@yahoo.com>
Date: Tue Dec 31 20:55:12 2019 -0900

    reboot multi-byte feed
"
`;

exports[`git > 1211 > commitEntry > with only string refDate 1`] = `
"commit d4fefa7fbaec9dc4c48fa8ebf46fb7c8563cf3fa
Author: Dawn.Kshlerin70 <Dawn.Kshlerin@yahoo.com>
Date: Tue Dec 31 20:55:12 2019 -0900

    reboot multi-byte feed
"
`;

exports[`git > 1211 > commitMessage 1`] = `"synthesize virtual capacitor"`;

exports[`git > 1211 > commitSha > noArgs 1`] = `"ed4fefa7fbaec9dc4c48fa8ebf46fb7c8563cf3f"`;

exports[`git > 1211 > commitSha > with length 7 1`] = `"ed4fefa"`;

exports[`git > 1211 > commitSha > with length 8 1`] = `"ed4fefa7"`;

exports[`git > 1337 > branch 1`] = `"card-calculate"`;

exports[`git > 1337 > commitDate > with only Date refDate 1`] = `"Tue Dec 31 06:17:18 2019 -0800"`;

exports[`git > 1337 > commitDate > with only number refDate 1`] = `"Tue Dec 31 06:17:18 2019 -0800"`;

exports[`git > 1337 > commitDate > with only string refDate 1`] = `"Tue Dec 31 06:17:18 2019 -0800"`;

exports[`git > 1337 > commitEntry > with only Date refDate 1`] = `
"commit 36a7b5fa28d2f9bb79ca46ea394bc4f9bb0af328
Author: Fredrick_Heller <Fredrick.Heller1@hotmail.com>
Date: Tue Dec 31 22:32:07 2019 +1200

    index haptic pixel
"
`;

exports[`git > 1337 > commitEntry > with only number refDate 1`] = `
"commit 36a7b5fa28d2f9bb79ca46ea394bc4f9bb0af328
Author: Fredrick_Heller <Fredrick.Heller1@hotmail.com>
Date: Tue Dec 31 22:32:07 2019 +1200

    index haptic pixel
"
`;

exports[`git > 1337 > commitEntry > with only string refDate 1`] = `
"commit 36a7b5fa28d2f9bb79ca46ea394bc4f9bb0af328
Author: Fredrick_Heller <Fredrick.Heller1@hotmail.com>
Date: Tue Dec 31 22:32:07 2019 +1200

    index haptic pixel
"
`;

exports[`git > 1337 > commitMessage 1`] = `"connect back-end card"`;

exports[`git > 1337 > commitSha > noArgs 1`] = `"536a7b5fa28d2f9bb79ca46ea394bc4f9bb0af32"`;

exports[`git > 1337 > commitSha > with length 7 1`] = `"536a7b5"`;

exports[`git > 1337 > commitSha > with length 8 1`] = `"536a7b5f"`;
