// Vitest Snapshot v1, https://vitest.dev/guide/snapshot.html

exports[`person > 42 > bio 1`] = `"traveler, philosopher, model"`;

exports[`person > 42 > firstName > noArgs 1`] = `"Moses"`;

exports[`person > 42 > firstName > with sex 1`] = `"Darnell"`;

exports[`person > 42 > fullName > noArgs 1`] = `"Moses Crist"`;

exports[`person > 42 > fullName > with all (sex) 1`] = `"John Doe"`;

exports[`person > 42 > fullName > with firstName 1`] = `"John Reynolds-Miller"`;

exports[`person > 42 > fullName > with lastName 1`] = `"Moses Doe"`;

exports[`person > 42 > fullName > with sex 1`] = `"Lorene Miller"`;

exports[`person > 42 > gender 1`] = `"Gender nonconforming"`;

exports[`person > 42 > jobArea 1`] = `"Identity"`;

exports[`person > 42 > jobDescriptor 1`] = `"National"`;

exports[`person > 42 > jobTitle 1`] = `"National Usability Producer"`;

exports[`person > 42 > jobType 1`] = `"Coordinator"`;

exports[`person > 42 > lastName > noArgs 1`] = `"Reynolds-Miller"`;

exports[`person > 42 > lastName > with sex 1`] = `"Wiegand"`;

exports[`person > 42 > middleName > noArgs 1`] = `"Quinn"`;

exports[`person > 42 > middleName > with sex 1`] = `"William"`;

exports[`person > 42 > prefix > noArgs 1`] = `"Mrs."`;

exports[`person > 42 > prefix > with sex 1`] = `"Dr."`;

exports[`person > 42 > sex > noArgs 1`] = `"female"`;

exports[`person > 42 > sex > with sex 1`] = `"female"`;

exports[`person > 42 > sexType 1`] = `"female"`;

exports[`person > 42 > suffix > noArgs 1`] = `"III"`;

exports[`person > 42 > suffix > with sex 1`] = `"III"`;

exports[`person > 42 > zodiacSign 1`] = `"Gemini"`;

exports[`person > 1211 > bio 1`] = `"decongestant supporter, parent ðŸŽ²"`;

exports[`person > 1211 > firstName > noArgs 1`] = `"Skye"`;

exports[`person > 1211 > firstName > with sex 1`] = `"Skye"`;

exports[`person > 1211 > fullName > noArgs 1`] = `"D'angelo Osinski-Paucek"`;

exports[`person > 1211 > fullName > with all (sex) 1`] = `"John Doe PhD"`;

exports[`person > 1211 > fullName > with firstName 1`] = `"Dr. John Fahey DDS"`;

exports[`person > 1211 > fullName > with lastName 1`] = `"Dr. D'angelo Doe DDS"`;

exports[`person > 1211 > fullName > with sex 1`] = `"Skye Zieme"`;

exports[`person > 1211 > gender 1`] = `"Trigender"`;

exports[`person > 1211 > jobArea 1`] = `"Factors"`;

exports[`person > 1211 > jobDescriptor 1`] = `"Chief"`;

exports[`person > 1211 > jobTitle 1`] = `"Chief Interactions Manager"`;

exports[`person > 1211 > jobType 1`] = `"Representative"`;

exports[`person > 1211 > lastName > noArgs 1`] = `"Fahey"`;

exports[`person > 1211 > lastName > with sex 1`] = `"Trantow"`;

exports[`person > 1211 > middleName > noArgs 1`] = `"Sage"`;

exports[`person > 1211 > middleName > with sex 1`] = `"Sage"`;

exports[`person > 1211 > prefix > noArgs 1`] = `"Ms."`;

exports[`person > 1211 > prefix > with sex 1`] = `"Ms."`;

exports[`person > 1211 > sex > noArgs 1`] = `"male"`;

exports[`person > 1211 > sex > with sex 1`] = `"male"`;

exports[`person > 1211 > sexType 1`] = `"male"`;

exports[`person > 1211 > suffix > noArgs 1`] = `"DVM"`;

exports[`person > 1211 > suffix > with sex 1`] = `"DVM"`;

exports[`person > 1211 > zodiacSign 1`] = `"Capricorn"`;

exports[`person > 1337 > bio 1`] = `"creator, engineer, friend"`;

exports[`person > 1337 > firstName > noArgs 1`] = `"Eva"`;

exports[`person > 1337 > firstName > with sex 1`] = `"Eugene"`;

exports[`person > 1337 > fullName > noArgs 1`] = `"Eva Hammes"`;

exports[`person > 1337 > fullName > with all (sex) 1`] = `"John Doe"`;

exports[`person > 1337 > fullName > with firstName 1`] = `"John Gottlieb"`;

exports[`person > 1337 > fullName > with lastName 1`] = `"Eva Doe"`;

exports[`person > 1337 > fullName > with sex 1`] = `"Marilyn Koelpin"`;

exports[`person > 1337 > gender 1`] = `"Demigender"`;

exports[`person > 1337 > jobArea 1`] = `"Functionality"`;

exports[`person > 1337 > jobDescriptor 1`] = `"Future"`;

exports[`person > 1337 > jobTitle 1`] = `"Future Marketing Engineer"`;

exports[`person > 1337 > jobType 1`] = `"Engineer"`;

exports[`person > 1337 > lastName > noArgs 1`] = `"Gottlieb"`;

exports[`person > 1337 > lastName > with sex 1`] = `"Cronin"`;

exports[`person > 1337 > middleName > noArgs 1`] = `"Dylan"`;

exports[`person > 1337 > middleName > with sex 1`] = `"Christopher"`;

exports[`person > 1337 > prefix > noArgs 1`] = `"Ms."`;

exports[`person > 1337 > prefix > with sex 1`] = `"Mr."`;

exports[`person > 1337 > sex > noArgs 1`] = `"female"`;

exports[`person > 1337 > sex > with sex 1`] = `"female"`;

exports[`person > 1337 > sexType 1`] = `"female"`;

exports[`person > 1337 > suffix > noArgs 1`] = `"I"`;

exports[`person > 1337 > suffix > with sex 1`] = `"I"`;

exports[`person > 1337 > zodiacSign 1`] = `"Taurus"`;
